MPLINK 4.41, Linker
Linker Map File - Created Tue Dec 18 05:42:35 2018

                                 Section Info
                  Section       Type    Address   Location Size(Bytes)
                ---------  ---------  ---------  ---------  ---------
                   .org_0       code   0x000000    program   0x000000
                   .org_1       code   0x000000    program   0x000002
                   .org_2       code   0x000004    program   0x000070
      .config_2007_MAIN.O       code   0x002007    program   0x000002



                              Program Memory Usage 
                               Start         End      
                           ---------   ---------      
                            0x000000    0x000000      
                            0x000004    0x00003b      
                            0x002007    0x002007      
            58 out of 8454 program addresses used, program memory utilization is 0%



                              Symbols - Sorted by Name
                     Name    Address   Location    Storage File                     
                ---------  ---------  ---------  --------- ---------                
                      MOD   0x000039    program     static D:\Max\PIC16F877A-lab3-\main.asm
                 MainLoop   0x000012    program     static D:\Max\PIC16F877A-lab3-\main.asm
                    Start   0x000010    program     static D:\Max\PIC16F877A-lab3-\main.asm
                    XOR10   0x000017    program     static D:\Max\PIC16F877A-lab3-\main.asm
                    array   0x000005    program     static D:\Max\PIC16F877A-lab3-\main.asm
                interrupt   0x00001d    program     static D:\Max\PIC16F877A-lab3-\main.asm



                              Symbols - Sorted by Address
                     Name    Address   Location    Storage File                     
                ---------  ---------  ---------  --------- ---------                
                    array   0x000005    program     static D:\Max\PIC16F877A-lab3-\main.asm
                    Start   0x000010    program     static D:\Max\PIC16F877A-lab3-\main.asm
                 MainLoop   0x000012    program     static D:\Max\PIC16F877A-lab3-\main.asm
                    XOR10   0x000017    program     static D:\Max\PIC16F877A-lab3-\main.asm
                interrupt   0x00001d    program     static D:\Max\PIC16F877A-lab3-\main.asm
                      MOD   0x000039    program     static D:\Max\PIC16F877A-lab3-\main.asm


